[www.mahendrapurbia.com/index.html]
[backblue.gif]
[fade.gif]
[index.html]
[challenges.cloudflare.com/turnstile/v0/g/f2bbd6738e15/api.js]
[polywork-images-proxy.imgix.net/https_/www.mahendrapurbia.com/assets/favicon/identity-default-favicon-9817d7b6296883042633996b90775f32f72dbfabfbe493de9965328af3f0902e31b5.png]
[www.mahendrapurbia.com/manifest.json]
[www.mahendrapurbia.com/polywork.html]
[d2wy8f7a9ursnm.cloudfront.net/v7/bugsnag.min.js]
[www.mahendrapurbia.com/assets/tailwind-86853cd5b3562e2ef796f3d15b2354200d36b29d939bfa7e3114337cc74172a6.css]
[www.mahendrapurbia.com/assets/application-8fc5959715f11e200f29e4e7c0987e3c4eb2fa7ac1a2cf931f268a982bdea0a9.css]
[www.mahendrapurbia.com/assets/templated/typographies/dm-sans-5df33c2af2c75bd2b0937273d2bb3c6830f70e7ac75a6df86dd7d601aa139760.css]
[www.mahendrapurbia.com/packs/js/application-a79181c4434bf43762a9.js]
[www.mahendrapurbia.com/assets/templated/typographies/sizing-926fbe0577043d51f08137e610ce52e021290d110b6e17182358947217d81413.css]
[www.googleoptimize.com/optimize4c8b.js]
[connect.facebook.net/en_US/sdk.js]
[www.mahendrapurbia.com/assets/templated/templates/the-o-g-profile-80388af47f4677e2c31f2a9c2ceea0a61055bf9809bde7cfbc7a71e761cadd54.css]
[www.mahendrapurbia.com/contactecf0.html]
[www.mahendrapurbia.com/contact1856.html]
[www.mahendrapurbia.com/contactee7b.html]
[www.mahendrapurbia.com/contact2f6a.html]
[www.mahendrapurbia.com/contact.html]
[www.mahendrapurbia.com/positions.html]
[www.mahendrapurbia.com/primary_links.html]
[www.mahendrapurbia.com/posts/vke9vEpF.html]
[www.mahendrapurbia.com/posts/kB7oloXV.html]
[www.mahendrapurbia.com/posts/oRiq0u6m.html]
[www.mahendrapurbia.com/posts/pU4HN3q1.html]
[www.mahendrapurbia.com/posts/BQHslPhc.html]
[www.mahendrapurbia.com/posts/er4KiY7n.html]
[www.mahendrapurbia.com/posts/-xx2TTKn.html]
[www.mahendrapurbia.com/posts/FY-D5ntD.html]
[www.mahendrapurbia.com/posts/6o3RbJGw.html]
[www.mahendrapurbia.com/posts/9mdSXbsb.html]
[www.mahendrapurbia.com/posts/0s2EyuRe.html]
[www.mahendrapurbia.com/posts/2UdEOMgQ.html]
[www.mahendrapurbia.com/rails/active_storage/blobs/eyJfcmFpbHMiOnsibWVzc2FnZSI6IkJBaHBBOE1UZnc9PSIsImV4cCI6bnVsbCwicHVyIjoiYmxvYl9pZCJ9fQ==--bdf79e09ee2f3f84383cc604f4a18f5cfdd6bad4/filename.24.delayed]
[www.mahendrapurbia.com/index.html]
[www.mahendrapurbia.com/cdn.iframe.html]
[www.mahendrapurbia.com/polywork.html]
[www.mahendrapurbia.com/polywork-production.imgix.html]
[www.mahendrapurbia.com/polywork-images-proxy.imgix.html]
[www.mahendrapurbia.com/assets/tailwind-86853cd5b3562e2ef796f3d15b2354200d36b29d939bfa7e3114337cc74172a6.css]
[www.mahendrapurbia.com/assets/quill/dist/quill.core-bcc2b8a44b9fb712ce511146bf2d95bf1ee71ceb3e8f73d9ed3b2549567b8f85.css]
[www.mahendrapurbia.com/assets/animate.css/animate.min-f2a2e8fd36c2f66fe064015fd419ab7964e3ed27bcbd968031dc35997329825e.css]
[www.mahendrapurbia.com/assets/Sohne-Buch-f16370b65fc2231e5117cecd130c7587ad68da2107b0316407906aaf065e1889.otf]
[www.mahendrapurbia.com/assets/Sohne-Halbfett-c754d4f17758a6f063b8f6ec299a03e8b76ab55099221c077a0670250dab8855.otf]
[www.mahendrapurbia.com/assets/Sohne-Dreiviertelfett-9177cb6c650fc80637ab098f5ae64cf1da1da35b637cc16b7947c0cec469667a.otf]
[www.mahendrapurbia.com/assets/Sohne-Fett-9d0778a00ba5b6aa78e918a005a0f4a288d40476907429b66f3a8123fc7497bd.otf]
[www.mahendrapurbia.com/assets/opportunities_header_mobile_background-db090934fd0456b00383504c498754f0f48135b6afc84666ed1fc4f69934235a.png]
[www.mahendrapurbia.com/assets/opportunities_header_desktop_background-27aea3fb7b59300be5d17236c8d3cc19defc6e23cff901e8117ae297b70b19f0.png]
[www.mahendrapurbia.com/assets/assistant-modal-header-cf2e3e080dbd4a7e7c501e4c0ef7376eff7da95fa19b9b22ec4dc17049e251cb.png]
[www.mahendrapurbia.com/assets/product/hipster-head-386cf250503fca0d60388fc9f4a12fa8bc104d6bf3049e0412d6a7b321388738.png]
[www.mahendrapurbia.com/assets/product/helix-long-green-5d5b9682bb71c7ed75136624891f7af385bc1c9677e39bbac7b850c9a5463787.png]
[www.mahendrapurbia.com/assets/product/picture-blurple-4f9b491a5a6467dc52d3c4bf0ff149a8fa0ca3ec870eccc0f64b6e21ab0790e0.png]
[www.mahendrapurbia.com/assets/product/max-head-45904025156715dc4fcfde70b1b22e558196bb1266a8d3326fa61695ea846864.png]
[www.mahendrapurbia.com/assets/product/jupiter-head-742e6e44f9a6ccd07ebf3bfe242718792407dac2b14645ee600e11fd4290287a.png]
[www.mahendrapurbia.com/assets/product/helix-tight-yellow-fcbf129ccf586a1e59a7405dd7d483b18bf7985efdfa3d57c76c5cc2853cacb0.png]
[www.mahendrapurbia.com/assets/product/titan-head-1eedec6e81224de50ed3da40961cc58971c3aadd24864e9cf9c8e9e71f6a7979.png]
[www.mahendrapurbia.com/assets/product/arrow-blurple-d3e8d60620428b723925a5991d7249cbeb841318dca795ff3cf238cf89203b6b.png]
[www.mahendrapurbia.com/assets/product/opportunities-bkg-10116972bab1f05fbd6690e563e584c926f7097616beb624570a7d531ccf9d7e.png]
[www.mahendrapurbia.com/assets/inspiration/carousel/background-eb5127ca9268d7d1d5b9a74c907e94d50edc7ef97601747e5c3a4489217444a2.png]
[www.mahendrapurbia.com/assets/college_landing_page/cards/card-2-2e15848fa64a0f9de3aa41900b580e9bfcfc3e34f9525e09d9d3a383be1a2889.png]
[www.mahendrapurbia.com/assets/college_landing_page/cards/card-bottom-bkg-mobile-f7f3284a0032becc33ac15f803e7824d2a699ca3681e9b3d567cd4d63127c218.png]
[www.mahendrapurbia.com/assets/college_landing_page/cards/card-bottom-bkg-47933af555e348f6e31a7b760d9624ec5e1251ca1e2185ac6e851c93b3918a6d.png]
[www.mahendrapurbia.com/assets/application-8fc5959715f11e200f29e4e7c0987e3c4eb2fa7ac1a2cf931f268a982bdea0a9.css]
[www.mahendrapurbia.com/assets/DM-Sans-variable-4b4dfa8f036efb160d44f1c96a95b06f116e39c0af38473626cd2dcbcea6135e.ttf]
[www.mahendrapurbia.com/assets/CormorantGaramond-Regular-80ca2c2ee767770a43249fa77eff1eb5beeba7defae6c9d83211dcf48e9cfa25.ttf]
[www.mahendrapurbia.com/assets/templated/typographies/dm-sans-5df33c2af2c75bd2b0937273d2bb3c6830f70e7ac75a6df86dd7d601aa139760.css]
[www.mahendrapurbia.com/assets/templated/typographies/sizing-926fbe0577043d51f08137e610ce52e021290d110b6e17182358947217d81413.css]
[connect.facebook.net/en_US/sdk.js]
[www.mahendrapurbia.com/assets/templated/templates/the-o-g-profile-80388af47f4677e2c31f2a9c2ceea0a61055bf9809bde7cfbc7a71e761cadd54.css]
[www.google.com/recaptcha/enterprise8ccd.js]
[www.mahendrapurbia.com/contactecf0.html]
[www.mahendrapurbia.com/contact1856.html]
[www.mahendrapurbia.com/contactee7b.html]
[www.mahendrapurbia.com/contact2f6a.html]
[www.mahendrapurbia.com/contact.html]
[www.mahendrapurbia.com/positions.html]
[www.mahendrapurbia.com/primary_links.html]
[www.mahendrapurbia.com/posts/vke9vEpF.html]
[www.mahendrapurbia.com/posts/kB7oloXV.html]
[www.mahendrapurbia.com/posts/oRiq0u6m.html]
[www.mahendrapurbia.com/posts/pU4HN3q1.html]
[www.mahendrapurbia.com/posts/BQHslPhc.html]
[www.mahendrapurbia.com/posts/er4KiY7n.html]
[www.mahendrapurbia.com/posts/-xx2TTKn.html]
[www.mahendrapurbia.com/posts/FY-D5ntD.html]
[www.mahendrapurbia.com/posts/6o3RbJGw.html]
[www.mahendrapurbia.com/posts/9mdSXbsb.html]
[www.mahendrapurbia.com/posts/0s2EyuRe.html]
[www.mahendrapurbia.com/posts/2UdEOMgQ.html]
[www.mahendrapurbia.com/assets/quill/dist/quill.core-bcc2b8a44b9fb712ce511146bf2d95bf1ee71ceb3e8f73d9ed3b2549567b8f85.css]
[www.mahendrapurbia.com/assets/animate.css/animate.min-f2a2e8fd36c2f66fe064015fd419ab7964e3ed27bcbd968031dc35997329825e.css]
[www.mahendrapurbia.com/assets/icons/highlight-images-81903b5c539a7f0a517acf10dac0d9f502f282c9d7c513a02fdd734a94a60253.svg]
[www.mahendrapurbia.com/assets/icons/retro-highlight-clock-ccd4a6216bd3c81f258713544147abc14af225dea97d6b70c51e9cebb92c0402.svg]
[www.mahendrapurbia.com/assets/icons/repost-timeline-3893e6dfcfe4dc676870e8c18fc59b4ea32ed4d9a075d0d557cf8656c6ca3144.svg]
[www.mahendrapurbia.com/assets/icons/rehighlight-timeline-32987542839a50eeb8a3460e23da2a60bc0b725416437984fdd6084ad4873d2e.svg]
[www.mahendrapurbia.com/assets/content_editor/bold-96bd507572994d1d20b760a96856f665aee28e9e21135d5e0fbcab506e23e5ff.svg]
[www.mahendrapurbia.com/assets/content_editor/italic-c0b36aab7d9b324368d98e2624b238e3bb4b14b8f37349cd4ded24a4169d34e9.svg]
[www.mahendrapurbia.com/assets/content_editor/strike-ae47dd98c7254cbe010c1e0a992b63f210bb8d05952695b0ba2d421c0425db28.svg]
[www.mahendrapurbia.com/assets/content_editor/link-a7523b769bda789533592c28ec4c38ff00c68d696a120551ffb380a744607df5.svg]
[www.mahendrapurbia.com/assets/content_editor/image-59448bd78202932878297488e1d3601191d1d879ccde4a21655ace454f2db8a9.svg]
[www.mahendrapurbia.com/assets/content_editor/heading_1-27497eab3c2c4adbcb6a5094b7c6ff84e81ac04c53852dd5909ceee5448b8c5d.svg]
[www.mahendrapurbia.com/assets/content_editor/quote-f41f9eb1d2c22e40ec4277fa10c676b775e836ccd7b6ec717147fe6f56093c19.svg]
[www.mahendrapurbia.com/assets/content_editor/code-caa9e88d4e317998166e5cd8dcc698abcb8f168a665d6716779f3d12669e4bac.svg]
[www.mahendrapurbia.com/assets/content_editor/bullets-4b3055d0d7d911dce08bab06bd48541e773f2d8a47be5d8cb5bce29a22ab2cb5.svg]
[www.mahendrapurbia.com/assets/content_editor/numbers-e3af62b45ed178d6d31ab3bac4b3afe0773d16c5473e3497463af6f01bf193f3.svg]
[www.mahendrapurbia.com/assets/content_editor/close-url-embed-dee7e7385d804904e4dbe4a964f9e7bd52af6a5f4fac786bf5835f836d6bbf72.svg]
[www.mahendrapurbia.com/assets/sidebar-editor-preview-ghost-layout-044584d3437db144532cddca95bda0fd9017f3eece078ab7f874ab14cc582192.svg]
[www.mahendrapurbia.com/assets/sidebar-editor-preview-ghost-layout-dark-mode-391b80d7a655321f38969051d7041fb8177de8abfda8c75348b14770661e7003.svg]
[www.mahendrapurbia.com/posts/cdn.iframe.html]
[www.mahendrapurbia.com/posts/polywork.html]
[www.mahendrapurbia.com/posts/polywork-production.imgix.html]
[www.mahendrapurbia.com/posts/polywork-images-proxy.imgix.html]
[www.mahendrapurbia.com/product/vertical/tweet-alexandria.png]
[www.mahendrapurbia.com/product/vertical/tweet-michael-friedrich.png]
[www.mahendrapurbia.com/product/vertical/tweet-kurt-temple.png]
